app/auth/login/page.tsx(61,26): error TS2554: Expected 3 arguments, but got 1.
app/auth/login/page.tsx(78,27): error TS2554: Expected 3 arguments, but got 1.
app/auth/login/page.tsx(130,22): error TS2554: Expected 3 arguments, but got 1.
app/auth/login/page.tsx(148,32): error TS2554: Expected 3 arguments, but got 1.
app/auth/login/page.tsx(165,22): error TS2554: Expected 3 arguments, but got 1.
app/auth/login/page.tsx(168,22): error TS2554: Expected 3 arguments, but got 1.
app/auth/login/page.tsx(173,26): error TS2554: Expected 3 arguments, but got 1.
app/auth/login/page.tsx(194,26): error TS2554: Expected 3 arguments, but got 1.
app/auth/login/page.tsx(206,26): error TS2554: Expected 3 arguments, but got 1.
app/auth/login/page.tsx(218,30): error TS2554: Expected 3 arguments, but got 1.
app/auth/login/page.tsx(224,30): error TS2554: Expected 3 arguments, but got 1.
app/auth/login/page.tsx(246,30): error TS2554: Expected 3 arguments, but got 1.
app/auth/login/page.tsx(252,30): error TS2554: Expected 3 arguments, but got 1.
app/auth/login/page.tsx(286,34): error TS2554: Expected 3 arguments, but got 1.
app/auth/login/page.tsx(289,29): error TS2554: Expected 3 arguments, but got 1.
app/auth/register/page.tsx(74,26): error TS2554: Expected 3 arguments, but got 1.
app/auth/register/page.tsx(91,27): error TS2554: Expected 3 arguments, but got 1.
app/auth/register/page.tsx(143,22): error TS2554: Expected 3 arguments, but got 1.
app/auth/register/page.tsx(189,22): error TS2554: Expected 3 arguments, but got 1.
app/auth/register/page.tsx(193,22): error TS2554: Expected 3 arguments, but got 1.
app/auth/register/page.tsx(197,22): error TS2554: Expected 3 arguments, but got 1.
app/auth/register/page.tsx(217,32): error TS2554: Expected 3 arguments, but got 1.
app/auth/register/page.tsx(239,22): error TS2554: Expected 3 arguments, but got 1.
app/auth/register/page.tsx(242,22): error TS2554: Expected 3 arguments, but got 1.
app/auth/register/page.tsx(247,26): error TS2554: Expected 3 arguments, but got 1.
app/auth/register/page.tsx(264,22): error TS2554: Expected 3 arguments, but got 1.
app/auth/register/page.tsx(268,48): error TS2554: Expected 3 arguments, but got 1.
app/auth/register/page.tsx(269,50): error TS2554: Expected 3 arguments, but got 1.
app/auth/register/page.tsx(292,26): error TS2554: Expected 3 arguments, but got 1.
app/auth/register/page.tsx(304,26): error TS2554: Expected 3 arguments, but got 1.
app/auth/register/page.tsx(321,30): error TS2554: Expected 3 arguments, but got 1.
app/auth/register/page.tsx(340,30): error TS2554: Expected 3 arguments, but got 1.
app/auth/register/page.tsx(340,120): error TS2554: Expected 3 arguments, but got 1.
app/auth/register/page.tsx(352,30): error TS2554: Expected 3 arguments, but got 1.
app/auth/register/page.tsx(361,30): error TS2554: Expected 3 arguments, but got 1.
app/auth/register/page.tsx(381,30): error TS2554: Expected 3 arguments, but got 1.
app/auth/register/page.tsx(419,30): error TS2554: Expected 3 arguments, but got 1.
app/auth/register/page.tsx(465,34): error TS2554: Expected 3 arguments, but got 1.
app/auth/register/page.tsx(470,38): error TS2554: Expected 3 arguments, but got 1.
app/auth/register/page.tsx(472,34): error TS2554: Expected 3 arguments, but got 1.
app/auth/register/page.tsx(477,38): error TS2554: Expected 3 arguments, but got 1.
app/auth/register/page.tsx(494,34): error TS2554: Expected 3 arguments, but got 1.
app/auth/register/page.tsx(497,29): error TS2554: Expected 3 arguments, but got 1.
app/dashboard/page.tsx(110,20): error TS2554: Expected 3 arguments, but got 1.
app/dashboard/page.tsx(111,26): error TS2554: Expected 3 arguments, but got 1.
app/dashboard/page.tsx(117,20): error TS2554: Expected 3 arguments, but got 1.
app/dashboard/page.tsx(118,26): error TS2554: Expected 3 arguments, but got 1.
app/dashboard/page.tsx(124,20): error TS2554: Expected 3 arguments, but got 1.
app/dashboard/page.tsx(125,26): error TS2554: Expected 3 arguments, but got 1.
app/dashboard/page.tsx(131,20): error TS2554: Expected 3 arguments, but got 1.
app/dashboard/page.tsx(132,115): error TS2554: Expected 3 arguments, but got 1.
app/dashboard/page.tsx(139,20): error TS2554: Expected 3 arguments, but got 1.
app/dashboard/page.tsx(140,26): error TS2554: Expected 3 arguments, but got 1.
app/dashboard/page.tsx(160,110): error TS2554: Expected 3 arguments, but got 1.
app/dashboard/page.tsx(162,34): error TS2554: Expected 3 arguments, but got 1.
app/dashboard/page.tsx(170,65): error TS2554: Expected 3 arguments, but got 1.
app/dashboard/page.tsx(190,38): error TS2554: Expected 3 arguments, but got 2.
app/dashboard/page.tsx(212,100): error TS2554: Expected 3 arguments, but got 1.
app/dashboard/page.tsx(216,88): error TS2554: Expected 3 arguments, but got 1.
app/dashboard/page.tsx(221,100): error TS2554: Expected 3 arguments, but got 1.
app/dashboard/page.tsx(225,88): error TS2554: Expected 3 arguments, but got 1.
app/dashboard/page.tsx(230,100): error TS2554: Expected 3 arguments, but got 1.
app/dashboard/page.tsx(234,88): error TS2554: Expected 3 arguments, but got 1.
app/dashboard/page.tsx(239,100): error TS2554: Expected 3 arguments, but got 1.
app/dashboard/page.tsx(243,88): error TS2554: Expected 3 arguments, but got 1.
app/dashboard/page.tsx(252,99): error TS2554: Expected 3 arguments, but got 1.
app/dashboard/page.tsx(281,85): error TS2554: Expected 3 arguments, but got 1.
app/dashboard/page.tsx(287,42): error TS2554: Expected 3 arguments, but got 1.
app/dashboard/page.tsx(330,52): error TS2554: Expected 3 arguments, but got 1.
app/dashboard/page.tsx(331,58): error TS2554: Expected 3 arguments, but got 1.
app/dashboard/page.tsx(359,119): error TS2554: Expected 3 arguments, but got 1.
app/dashboard/page.tsx(361,80): error TS2554: Expected 3 arguments, but got 1.
app/dashboard/page.tsx(361,119): error TS2554: Expected 3 arguments, but got 1.
app/dashboard/page.tsx(371,71): error TS2554: Expected 3 arguments, but got 1.
app/dashboard/page.tsx(371,122): error TS2554: Expected 3 arguments, but got 1.
app/dashboard/page.tsx(387,119): error TS2554: Expected 3 arguments, but got 1.
app/dashboard/page.tsx(389,83): error TS2554: Expected 3 arguments, but got 1.
app/dashboard/page.tsx(389,122): error TS2554: Expected 3 arguments, but got 1.
app/dashboard/page.tsx(398,54): error TS2554: Expected 3 arguments, but got 1.
app/dashboard/page.tsx(414,119): error TS2554: Expected 3 arguments, but got 1.
app/dashboard/page.tsx(416,85): error TS2554: Expected 3 arguments, but got 1.
app/dashboard/page.tsx(416,124): error TS2554: Expected 3 arguments, but got 1.
app/dashboard/page.tsx(425,54): error TS2554: Expected 3 arguments, but got 1.
app/dashboard/page.tsx(436,46): error TS2554: Expected 3 arguments, but got 1.
app/dashboard/page.tsx(470,71): error TS2554: Expected 3 arguments, but got 1.
app/dashboard/page.tsx(470,103): error TS2554: Expected 3 arguments, but got 1.
app/dashboard/page.tsx(477,50): error TS2554: Expected 3 arguments, but got 1.
app/disputes/[id]/page.tsx(61,25): error TS2554: Expected 3 arguments, but got 1.
app/disputes/[id]/page.tsx(78,27): error TS2554: Expected 3 arguments, but got 1.
app/disputes/[id]/page.tsx(84,25): error TS2554: Expected 3 arguments, but got 1.
app/disputes/[id]/page.tsx(103,27): error TS2554: Expected 3 arguments, but got 1.
app/disputes/[id]/page.tsx(110,25): error TS2554: Expected 3 arguments, but got 1.
app/disputes/[id]/page.tsx(128,16): error TS2554: Expected 3 arguments, but got 1.
app/disputes/[id]/page.tsx(151,62): error TS2554: Expected 3 arguments, but got 1.
app/disputes/[id]/page.tsx(173,40): error TS2554: Expected 3 arguments, but got 1.
app/disputes/[id]/page.tsx(178,87): error TS2554: Expected 3 arguments, but got 1.
app/disputes/[id]/page.tsx(189,105): error TS2554: Expected 3 arguments, but got 1.
app/disputes/[id]/page.tsx(197,110): error TS2554: Expected 3 arguments, but got 1.
app/disputes/[id]/page.tsx(224,106): error TS2554: Expected 3 arguments, but got 1.
app/disputes/[id]/page.tsx(242,59): error TS2554: Expected 3 arguments, but got 1.
app/disputes/[id]/page.tsx(242,94): error TS2554: Expected 3 arguments, but got 1.
app/disputes/[id]/page.tsx(257,101): error TS2554: Expected 3 arguments, but got 1.
app/disputes/[id]/page.tsx(273,42): error TS2554: Expected 3 arguments, but got 2.
app/disputes/[id]/page.tsx(279,42): error TS2554: Expected 3 arguments, but got 1.
app/disputes/[id]/page.tsx(283,54): error TS2554: Expected 3 arguments, but got 1.
app/disputes/[id]/page.tsx(314,55): error TS2554: Expected 3 arguments, but got 1.
app/disputes/[id]/page.tsx(314,91): error TS2554: Expected 3 arguments, but got 1.
app/disputes/[id]/page.tsx(326,105): error TS2554: Expected 3 arguments, but got 1.
app/disputes/[id]/page.tsx(351,104): error TS2554: Expected 3 arguments, but got 1.
app/disputes/[id]/page.tsx(352,97): error TS2554: Expected 3 arguments, but got 1.
app/disputes/[id]/page.tsx(366,64): error TS2554: Expected 3 arguments, but got 1.
app/disputes/[id]/page.tsx(377,34): error TS2554: Expected 3 arguments, but got 1.
app/disputes/[id]/page.tsx(383,118): error TS2554: Expected 3 arguments, but got 1.
app/disputes/[id]/page.tsx(390,44): error TS2554: Expected 3 arguments, but got 1.
app/disputes/[id]/page.tsx(394,38): error TS2554: Expected 3 arguments, but got 1.
app/disputes/[id]/page.tsx(402,115): error TS2554: Expected 3 arguments, but got 1.
app/disputes/[id]/page.tsx(404,30): error TS2554: Expected 3 arguments, but got 1.
app/disputes/page.tsx(35,27): error TS2554: Expected 3 arguments, but got 1.
app/disputes/page.tsx(46,25): error TS2554: Expected 3 arguments, but got 1.
app/disputes/page.tsx(73,16): error TS2554: Expected 3 arguments, but got 1.
app/disputes/page.tsx(90,81): error TS2554: Expected 3 arguments, but got 1.
app/disputes/page.tsx(91,82): error TS2554: Expected 3 arguments, but got 1.
app/disputes/page.tsx(116,48): error TS2554: Expected 3 arguments, but got 1.
app/disputes/page.tsx(116,73): error TS2554: Expected 3 arguments, but got 1.
app/disputes/page.tsx(122,52): error TS2554: Expected 3 arguments, but got 1.
app/disputes/page.tsx(126,32): error TS2554: Expected 3 arguments, but got 1.
app/disputes/page.tsx(136,65): error TS2554: Expected 3 arguments, but got 1.
app/disputes/page.tsx(138,30): error TS2554: Expected 3 arguments, but got 1.
app/disputes/page.tsx(174,83): error TS2554: Expected 3 arguments, but got 1.
app/disputes/page.tsx(185,56): error TS2554: Expected 3 arguments, but got 1.
app/disputes/page.tsx(206,64): error TS2554: Expected 3 arguments, but got 1.
app/disputes/page.tsx(209,30): error TS2554: Expected 3 arguments, but got 1.
app/inbox/page.tsx(44,35): error TS2554: Expected 3 arguments, but got 1.
app/inbox/page.tsx(72,61): error TS2554: Expected 3 arguments, but got 1.
app/inbox/page.tsx(74,42): error TS2554: Expected 3 arguments, but got 1.
app/leases/[id]/incident/page.tsx(49,29): error TS2554: Expected 3 arguments, but got 1.
app/leases/[id]/incident/page.tsx(61,29): error TS2554: Expected 3 arguments, but got 1.
app/leases/[id]/incident/page.tsx(71,25): error TS2554: Expected 3 arguments, but got 1.
app/leases/[id]/incident/page.tsx(98,25): error TS2554: Expected 3 arguments, but got 1.
app/leases/[id]/incident/page.tsx(128,76): error TS2554: Expected 3 arguments, but got 1.
app/leases/[id]/incident/page.tsx(140,101): error TS2554: Expected 3 arguments, but got 1.
app/leases/[id]/incident/page.tsx(143,30): error TS2554: Expected 3 arguments, but got 1.
app/leases/[id]/incident/page.tsx(150,61): error TS2554: Expected 3 arguments, but got 1.
app/leases/[id]/incident/page.tsx(166,65): error TS2554: Expected 3 arguments, but got 1.
app/leases/[id]/incident/page.tsx(167,77): error TS2554: Expected 3 arguments, but got 1.
app/leases/[id]/incident/page.tsx(177,61): error TS2554: Expected 3 arguments, but got 1.
app/leases/[id]/incident/page.tsx(181,127): error TS2554: Expected 3 arguments, but got 1.
app/leases/[id]/incident/page.tsx(185,46): error TS2554: Expected 3 arguments, but got 1.
app/leases/[id]/incident/page.tsx(192,127): error TS2554: Expected 3 arguments, but got 1.
app/leases/[id]/incident/page.tsx(195,46): error TS2554: Expected 3 arguments, but got 1.
app/leases/[id]/incident/page.tsx(202,127): error TS2554: Expected 3 arguments, but got 1.
app/leases/[id]/incident/page.tsx(208,50): error TS2554: Expected 3 arguments, but got 1.
app/leases/[id]/incident/page.tsx(219,61): error TS2554: Expected 3 arguments, but got 1.
app/leases/[id]/incident/page.tsx(245,84): error TS2554: Expected 3 arguments, but got 1.
app/leases/[id]/incident/page.tsx(262,30): error TS2554: Expected 3 arguments, but got 1.
app/leases/[id]/incident/page.tsx(277,40): error TS2554: Expected 3 arguments, but got 1.
app/leases/[id]/incident/page.tsx(282,40): error TS2554: Expected 3 arguments, but got 1.
app/leases/[id]/incident/page.tsx(287,26): error TS2554: Expected 3 arguments, but got 1.
app/page.tsx(33,16): error TS2554: Expected 3 arguments, but got 1.
app/page.tsx(40,16): error TS2554: Expected 3 arguments, but got 1.
app/page.tsx(54,14): error TS2554: Expected 3 arguments, but got 1.
app/page.tsx(69,14): error TS2554: Expected 3 arguments, but got 1.
app/page.tsx(78,16): error TS2554: Expected 3 arguments, but got 1.
app/page.tsx(87,16): error TS2554: Expected 3 arguments, but got 1.
app/page.tsx(115,86): error TS2554: Expected 3 arguments, but got 1.
app/page.tsx(116,68): error TS2554: Expected 3 arguments, but got 1.
app/page.tsx(128,24): error TS2554: Expected 3 arguments, but got 1.
app/page.tsx(129,30): error TS2554: Expected 3 arguments, but got 1.
app/page.tsx(138,24): error TS2554: Expected 3 arguments, but got 1.
app/page.tsx(139,30): error TS2554: Expected 3 arguments, but got 1.
app/page.tsx(148,24): error TS2554: Expected 3 arguments, but got 1.
app/page.tsx(149,30): error TS2554: Expected 3 arguments, but got 1.
app/page.tsx(176,58): error TS2554: Expected 3 arguments, but got 1.
app/page.tsx(178,20): error TS2554: Expected 3 arguments, but got 1.
app/page.tsx(184,20): error TS2554: Expected 3 arguments, but got 1.
app/page.tsx(194,58): error TS2554: Expected 3 arguments, but got 1.
app/page.tsx(196,20): error TS2554: Expected 3 arguments, but got 1.
app/page.tsx(203,20): error TS2554: Expected 3 arguments, but got 1.
app/page.tsx(237,95): error TS2554: Expected 3 arguments, but got 1.
app/page.tsx(238,99): error TS2554: Expected 3 arguments, but got 1.
app/page.tsx(239,102): error TS2554: Expected 3 arguments, but got 1.
app/properties/[id]/page.tsx(90,29): error TS2554: Expected 3 arguments, but got 1.
app/properties/[id]/page.tsx(99,22): error TS2554: Expected 3 arguments, but got 1.
app/properties/[id]/page.tsx(106,25): error TS2554: Expected 3 arguments, but got 1.
app/properties/[id]/page.tsx(114,27): error TS2554: Expected 3 arguments, but got 1.
app/properties/[id]/page.tsx(117,57): error TS2554: Expected 3 arguments, but got 1.
app/properties/[id]/page.tsx(130,27): error TS2554: Expected 3 arguments, but got 1.
app/properties/[id]/page.tsx(134,57): error TS2554: Expected 3 arguments, but got 1.
app/properties/[id]/page.tsx(184,32): error TS2554: Expected 3 arguments, but got 1.
app/properties/[id]/page.tsx(192,40): error TS2554: Expected 3 arguments, but got 1.
app/properties/[id]/page.tsx(200,55): error TS2554: Expected 3 arguments, but got 1.
app/properties/[id]/page.tsx(200,90): error TS2554: Expected 3 arguments, but got 1.
app/properties/[id]/page.tsx(207,40): error TS2554: Expected 3 arguments, but got 1.
app/properties/[id]/page.tsx(217,65): error TS2554: Expected 3 arguments, but got 1.
app/properties/[id]/page.tsx(217,98): error TS2554: Expected 3 arguments, but got 1.
app/properties/[id]/page.tsx(289,77): error TS2554: Expected 3 arguments, but got 1.
app/properties/[id]/page.tsx(294,108): error TS2554: Expected 3 arguments, but got 1.
app/properties/[id]/page.tsx(301,108): error TS2554: Expected 3 arguments, but got 1.
app/properties/[id]/page.tsx(308,108): error TS2554: Expected 3 arguments, but got 1.
app/properties/[id]/page.tsx(316,112): error TS2554: Expected 3 arguments, but got 1.
app/properties/[id]/page.tsx(324,108): error TS2554: Expected 3 arguments, but got 1.
app/properties/[id]/page.tsx(325,102): error TS2554: Expected 3 arguments, but got 1.
app/properties/[id]/page.tsx(325,122): error TS2554: Expected 3 arguments, but got 1.
app/properties/[id]/page.tsx(333,123): error TS2554: Expected 3 arguments, but got 1.
app/properties/[id]/page.tsx(368,78): error TS2554: Expected 3 arguments, but got 1.
app/properties/[id]/page.tsx(371,122): error TS2554: Expected 3 arguments, but got 1.
app/properties/[id]/page.tsx(387,91): error TS2554: Expected 3 arguments, but got 1.
app/properties/[id]/page.tsx(391,88): error TS2554: Expected 3 arguments, but got 1.
app/properties/[id]/page.tsx(391,127): error TS2554: Expected 3 arguments, but got 1.
app/properties/[id]/page.tsx(400,111): error TS2554: Expected 3 arguments, but got 1.
app/properties/[id]/page.tsx(414,113): error TS2554: Expected 3 arguments, but got 1.
app/properties/[id]/page.tsx(419,118): error TS2554: Expected 3 arguments, but got 1.
app/properties/[id]/page.tsx(422,88): error TS2554: Expected 3 arguments, but got 2.
app/properties/[id]/page.tsx(423,114): error TS2554: Expected 3 arguments, but got 2.
app/properties/[id]/page.tsx(446,78): error TS2554: Expected 3 arguments, but got 1.
app/properties/[id]/page.tsx(450,112): error TS2554: Expected 3 arguments, but got 1.
app/properties/[id]/page.tsx(463,112): error TS2554: Expected 3 arguments, but got 1.
app/properties/[id]/page.tsx(483,46): error TS2554: Expected 3 arguments, but got 1.
app/properties/[id]/page.tsx(491,50): error TS2554: Expected 3 arguments, but got 1.
app/properties/[id]/page.tsx(491,243): error TS2554: Expected 3 arguments, but got 1.
app/properties/[id]/page.tsx(498,101): error TS2554: Expected 3 arguments, but got 1.
app/properties/[id]/page.tsx(504,101): error TS2554: Expected 3 arguments, but got 1.
app/properties/[id]/page.tsx(505,129): error TS2554: Expected 3 arguments, but got 1.
app/properties/[id]/page.tsx(505,188): error TS2554: Expected 3 arguments, but got 1.
app/properties/[id]/page.tsx(505,219): error TS2554: Expected 3 arguments, but got 1.
app/properties/[id]/page.tsx(515,101): error TS2554: Expected 3 arguments, but got 1.
app/properties/[id]/page.tsx(516,135): error TS2554: Expected 3 arguments, but got 1.
app/properties/[id]/page.tsx(521,97): error TS2554: Expected 3 arguments, but got 1.
app/properties/[id]/page.tsx(522,108): error TS2554: Expected 3 arguments, but got 1.
app/properties/[id]/page.tsx(522,143): error TS2554: Expected 3 arguments, but got 1.
app/properties/[id]/page.tsx(528,78): error TS2554: Expected 3 arguments, but got 1.
app/properties/[id]/page.tsx(528,133): error TS2554: Expected 3 arguments, but got 1.
app/properties/[id]/page.tsx(528,190): error TS2554: Expected 3 arguments, but got 1.
app/properties/[id]/page.tsx(528,251): error TS2554: Expected 3 arguments, but got 1.
app/properties/[id]/page.tsx(537,51): error TS2554: Expected 3 arguments, but got 1.
app/properties/[id]/page.tsx(540,51): error TS2554: Expected 3 arguments, but got 1.
app/properties/[id]/page.tsx(547,52): error TS2554: Expected 3 arguments, but got 1.
app/properties/[id]/page.tsx(575,103): error TS2554: Expected 3 arguments, but got 1.
app/properties/[id]/page.tsx(578,97): error TS2554: Expected 3 arguments, but got 1.
app/properties/[id]/page.tsx(582,97): error TS2554: Expected 3 arguments, but got 1.
app/properties/[id]/page.tsx(583,127): error TS2554: Expected 3 arguments, but got 1.
app/properties/[id]/page.tsx(587,101): error TS2554: Expected 3 arguments, but got 1.
app/properties/[id]/page.tsx(601,103): error TS2554: Expected 3 arguments, but got 1.
app/properties/[id]/page.tsx(605,38): error TS2554: Expected 3 arguments, but got 1.
app/properties/[id]/page.tsx(610,50): error TS2554: Expected 3 arguments, but got 1.
app/properties/[id]/page.tsx(615,42): error TS2554: Expected 3 arguments, but got 1.
app/properties/[id]/page.tsx(623,143): error TS2554: Expected 3 arguments, but got 1.
app/properties/[id]/page.tsx(625,62): error TS2554: Expected 3 arguments, but got 1.
app/properties/new/page.tsx(180,19): error TS2554: Expected 3 arguments, but got 1.
app/properties/new/page.tsx(183,19): error TS2554: Expected 3 arguments, but got 1.
app/properties/new/page.tsx(297,19): error TS2554: Expected 3 arguments, but got 1.
app/properties/new/page.tsx(320,30): error TS2554: Expected 3 arguments, but got 1.
app/properties/new/page.tsx(322,116): error TS2554: Expected 3 arguments, but got 1.
app/properties/new/page.tsx(323,74): error TS2554: Expected 3 arguments, but got 1.
app/properties/new/page.tsx(336,37): error TS2554: Expected 3 arguments, but got 1.
app/properties/new/page.tsx(337,37): error TS2554: Expected 3 arguments, but got 1.
app/properties/new/page.tsx(338,37): error TS2554: Expected 3 arguments, but got 1.
app/properties/new/page.tsx(339,37): error TS2554: Expected 3 arguments, but got 1.
app/properties/new/page.tsx(340,37): error TS2554: Expected 3 arguments, but got 1.
app/properties/new/page.tsx(341,37): error TS2554: Expected 3 arguments, but got 1.
app/properties/new/page.tsx(342,37): error TS2554: Expected 3 arguments, but got 1.
app/properties/new/page.tsx(358,104): error TS2554: Expected 3 arguments, but got 1.
app/properties/new/page.tsx(361,127): error TS2554: Expected 3 arguments, but got 1.
app/properties/new/page.tsx(367,58): error TS2554: Expected 3 arguments, but got 1.
app/properties/new/page.tsx(371,127): error TS2554: Expected 3 arguments, but got 1.
app/properties/new/page.tsx(379,54): error TS2554: Expected 3 arguments, but got 1.
app/properties/new/page.tsx(385,127): error TS2554: Expected 3 arguments, but got 1.
app/properties/new/page.tsx(391,58): error TS2554: Expected 3 arguments, but got 1.
app/properties/new/page.tsx(400,104): error TS2554: Expected 3 arguments, but got 1.
app/properties/new/page.tsx(403,92): error TS2554: Expected 3 arguments, but got 1.
app/properties/new/page.tsx(416,58): error TS2554: Expected 3 arguments, but got 1.
app/properties/new/page.tsx(421,125): error TS2554: Expected 3 arguments, but got 1.
app/properties/new/page.tsx(427,58): error TS2554: Expected 3 arguments, but got 1.
app/properties/new/page.tsx(432,129): error TS2554: Expected 3 arguments, but got 1.
app/properties/new/page.tsx(441,129): error TS2554: Expected 3 arguments, but got 1.
app/properties/new/page.tsx(453,109): error TS2554: Expected 3 arguments, but got 1.
app/properties/new/page.tsx(455,46): error TS2554: Expected 3 arguments, but got 1.
app/properties/new/page.tsx(465,54): error TS2554: Expected 3 arguments, but got 1.
app/properties/new/page.tsx(468,49): error TS2554: Expected 3 arguments, but got 1.
app/properties/new/page.tsx(474,117): error TS2554: Expected 3 arguments, but got 2.
app/properties/new/page.tsx(475,117): error TS2554: Expected 3 arguments, but got 2.
app/properties/new/page.tsx(485,104): error TS2554: Expected 3 arguments, but got 1.
app/properties/new/page.tsx(489,129): error TS2554: Expected 3 arguments, but got 1.
app/properties/new/page.tsx(499,129): error TS2554: Expected 3 arguments, but got 1.
app/properties/new/page.tsx(510,129): error TS2554: Expected 3 arguments, but got 1.
app/properties/new/page.tsx(521,125): error TS2554: Expected 3 arguments, but got 1.
app/properties/new/page.tsx(536,119): error TS2554: Expected 3 arguments, but got 1.
app/properties/new/page.tsx(542,46): error TS2554: Expected 3 arguments, but got 1.
app/properties/new/page.tsx(545,46): error TS2554: Expected 3 arguments, but got 1.
app/properties/new/page.tsx(550,133): error TS2554: Expected 3 arguments, but got 1.
app/properties/new/page.tsx(557,71): error TS2554: Expected 3 arguments, but got 1.
app/properties/new/page.tsx(568,133): error TS2554: Expected 3 arguments, but got 1.
app/properties/new/page.tsx(574,71): error TS2554: Expected 3 arguments, but got 1.
app/properties/new/page.tsx(588,133): error TS2554: Expected 3 arguments, but got 1.
app/properties/new/page.tsx(594,79): error TS2554: Expected 3 arguments, but got 1.
app/properties/new/page.tsx(595,81): error TS2554: Expected 3 arguments, but got 1.
app/properties/new/page.tsx(597,111): error TS2554: Expected 3 arguments, but got 1.
app/properties/new/page.tsx(600,133): error TS2554: Expected 3 arguments, but got 1.
app/properties/new/page.tsx(619,104): error TS2554: Expected 3 arguments, but got 1.
app/properties/new/page.tsx(624,118): error TS2554: Expected 3 arguments, but got 1.
app/properties/new/page.tsx(627,133): error TS2554: Expected 3 arguments, but got 1.
app/properties/new/page.tsx(637,133): error TS2554: Expected 3 arguments, but got 1.
app/properties/new/page.tsx(650,50): error TS2554: Expected 3 arguments, but got 1.
app/properties/new/page.tsx(657,118): error TS2554: Expected 3 arguments, but got 1.
app/properties/new/page.tsx(661,131): error TS2554: Expected 3 arguments, but got 1.
app/properties/new/page.tsx(673,121): error TS2554: Expected 3 arguments, but got 1.
app/properties/new/page.tsx(681,131): error TS2554: Expected 3 arguments, but got 1.
app/properties/new/page.tsx(693,121): error TS2554: Expected 3 arguments, but got 1.
app/properties/new/page.tsx(703,120): error TS2554: Expected 3 arguments, but got 1.
app/properties/new/page.tsx(704,103): error TS2554: Expected 3 arguments, but got 2.
app/properties/new/page.tsx(708,126): error TS2554: Expected 3 arguments, but got 2.
app/properties/new/page.tsx(712,141): error TS2554: Expected 3 arguments, but got 1.
app/properties/new/page.tsx(726,141): error TS2554: Expected 3 arguments, but got 1.
app/properties/new/page.tsx(742,137): error TS2554: Expected 3 arguments, but got 1.
app/properties/new/page.tsx(751,70): error TS2554: Expected 3 arguments, but got 1.
app/properties/new/page.tsx(756,138): error TS2554: Expected 3 arguments, but got 1.
app/properties/new/page.tsx(760,153): error TS2554: Expected 3 arguments, but got 1.
app/properties/new/page.tsx(771,92): error TS2554: Expected 3 arguments, but got 1.
app/properties/new/page.tsx(857,66): error TS2554: Expected 3 arguments, but got 1.
app/properties/new/page.tsx(871,104): error TS2554: Expected 3 arguments, but got 1.
app/properties/new/page.tsx(874,125): error TS2554: Expected 3 arguments, but got 1.
app/properties/new/page.tsx(897,46): error TS2554: Expected 3 arguments, but got 1.
app/properties/new/page.tsx(927,125): error TS2554: Expected 3 arguments, but got 1.
app/properties/new/page.tsx(975,129): error TS2554: Expected 3 arguments, but got 1.
app/properties/new/page.tsx(987,125): error TS2554: Expected 3 arguments, but got 1.
app/properties/new/page.tsx(1057,104): error TS2554: Expected 3 arguments, but got 1.
app/properties/new/page.tsx(1060,125): error TS2554: Expected 3 arguments, but got 1.
app/properties/new/page.tsx(1083,125): error TS2554: Expected 3 arguments, but got 1.
app/properties/new/page.tsx(1113,52): error TS2554: Expected 3 arguments, but got 1.
app/properties/new/page.tsx(1121,112): error TS2554: Expected 3 arguments, but got 1.
app/properties/new/page.tsx(1132,112): error TS2554: Expected 3 arguments, but got 1.
app/properties/new/page.tsx(1146,104): error TS2554: Expected 3 arguments, but got 1.
app/properties/new/page.tsx(1154,103): error TS2554: Expected 3 arguments, but got 1.
app/properties/new/page.tsx(1155,49): error TS2554: Expected 3 arguments, but got 1.
app/properties/new/page.tsx(1156,69): error TS2554: Expected 3 arguments, but got 1.
app/properties/new/page.tsx(1156,132): error TS2554: Expected 3 arguments, but got 1.
app/properties/new/page.tsx(1160,70): error TS2554: Expected 3 arguments, but got 1.
app/properties/new/page.tsx(1161,70): error TS2554: Expected 3 arguments, but got 1.
app/properties/new/page.tsx(1165,104): error TS2554: Expected 3 arguments, but got 1.
app/properties/new/page.tsx(1181,104): error TS2554: Expected 3 arguments, but got 1.
app/properties/new/page.tsx(1182,87): error TS2554: Expected 3 arguments, but got 1.
app/properties/new/page.tsx(1187,143): error TS2554: Expected 3 arguments, but got 1.
app/properties/new/page.tsx(1199,81): error TS2554: Expected 3 arguments, but got 2.
app/properties/new/page.tsx(1200,103): error TS2554: Expected 3 arguments, but got 2.
app/properties/new/page.tsx(1219,90): error TS2554: Expected 3 arguments, but got 1.
app/properties/new/page.tsx(1220,88): error TS2554: Expected 3 arguments, but got 1.
app/properties/new/page.tsx(1227,108): error TS2554: Expected 3 arguments, but got 2.
app/properties/new/page.tsx(1228,87): error TS2554: Expected 3 arguments, but got 1.
app/properties/new/page.tsx(1237,59): error TS2554: Expected 3 arguments, but got 2.
app/properties/new/page.tsx(1238,59): error TS2554: Expected 3 arguments, but got 1.
app/properties/new/page.tsx(1241,54): error TS2554: Expected 3 arguments, but got 1.
app/properties/new/page.tsx(1267,51): error TS2554: Expected 3 arguments, but got 1.
app/properties/new/page.tsx(1276,73): error TS2554: Expected 3 arguments, but got 1.
app/properties/new/page.tsx(1278,63): error TS2554: Expected 3 arguments, but got 1.
app/properties/new/page.tsx(1278,103): error TS2554: Expected 3 arguments, but got 1.
app/properties/new/page.tsx(1286,42): error TS2554: Expected 3 arguments, but got 1.
app/properties/new/page.tsx(1292,42): error TS2554: Expected 3 arguments, but got 1.
app/properties/page.tsx(96,87): error TS2554: Expected 3 arguments, but got 1.
app/properties/page.tsx(108,30): error TS2554: Expected 3 arguments, but got 1.
app/properties/page.tsx(125,34): error TS2554: Expected 3 arguments, but got 1.
app/properties/page.tsx(139,40): error TS2554: Expected 3 arguments, but got 1.
app/properties/page.tsx(140,46): error TS2554: Expected 3 arguments, but got 1.
app/properties/page.tsx(141,46): error TS2554: Expected 3 arguments, but got 1.
app/properties/page.tsx(192,72): error TS2554: Expected 3 arguments, but got 1.
app/properties/page.tsx(201,54): error TS2554: Expected 3 arguments, but got 1.
app/properties/page.tsx(209,54): error TS2554: Expected 3 arguments, but got 1.
app/properties/page.tsx(220,50): error TS2554: Expected 3 arguments, but got 1.
app/search/page.tsx(98,26): error TS2554: Expected 3 arguments, but got 1.
app/search/page.tsx(112,95): error TS2554: Expected 3 arguments, but got 1.
app/search/page.tsx(120,46): error TS2554: Expected 3 arguments, but got 1.
app/search/page.tsx(138,276): error TS2554: Expected 3 arguments, but got 1.
app/search/page.tsx(139,274): error TS2554: Expected 3 arguments, but got 1.
app/search/page.tsx(152,107): error TS2554: Expected 3 arguments, but got 1.
app/search/page.tsx(155,42): error TS2554: Expected 3 arguments, but got 1.
app/search/page.tsx(163,107): error TS2554: Expected 3 arguments, but got 1.
app/search/page.tsx(183,176): error TS2554: Expected 3 arguments, but got 1.
app/search/page.tsx(193,176): error TS2554: Expected 3 arguments, but got 1.
app/search/page.tsx(198,26): error TS2554: Expected 3 arguments, but got 1.
app/search/page.tsx(204,90): error TS2554: Expected 3 arguments, but got 1.
app/search/page.tsx(210,96): error TS2554: Expected 3 arguments, but got 1.
app/search/page.tsx(211,74): error TS2554: Expected 3 arguments, but got 1.
app/search/page.tsx(220,46): error TS2554: Expected 3 arguments, but got 1.
app/search/page.tsx(231,42): error TS2554: Expected 3 arguments, but got 1.
app/search/page.tsx(240,78): error TS2554: Expected 3 arguments, but got 1.
app/search/page.tsx(240,117): error TS2554: Expected 3 arguments, but got 1.
app/search/page.tsx(243,147): error TS2554: Expected 3 arguments, but got 2.
app/search/page.tsx(247,174): error TS2554: Expected 3 arguments, but got 2.
app/search/page.tsx(247,240): error TS2554: Expected 3 arguments, but got 2.
app/search/page.tsx(249,115): error TS2554: Expected 3 arguments, but got 1.
app/search/page.tsx(262,258): error TS2554: Expected 3 arguments, but got 1.
app/search/page.tsx(262,432): error TS2554: Expected 3 arguments, but got 1.
app/search/page.tsx(263,271): error TS2554: Expected 3 arguments, but got 1.
app/search/page.tsx(265,242): error TS2554: Expected 3 arguments, but got 1.
app/search/page.tsx(267,247): error TS2554: Expected 3 arguments, but got 1.
components/Navbar.tsx(20,38): error TS2554: Expected 3 arguments, but got 1.
components/Navbar.tsx(22,46): error TS2554: Expected 3 arguments, but got 1.
components/Navbar.tsx(23,42): error TS2554: Expected 3 arguments, but got 1.
components/Navbar.tsx(24,34): error TS2554: Expected 3 arguments, but got 1.
components/Navbar.tsx(25,41): error TS2554: Expected 3 arguments, but got 1.
components/Navbar.tsx(92,36): error TS2554: Expected 3 arguments, but got 1.
components/UnifiedInbox.tsx(87,20): error TS2554: Expected 3 arguments, but got 1.
components/UnifiedInbox.tsx(135,27): error TS2554: Expected 3 arguments, but got 1.
components/UnifiedInbox.tsx(148,38): error TS2554: Expected 3 arguments, but got 1.
components/UnifiedInbox.tsx(160,42): error TS2554: Expected 3 arguments, but got 1.
components/UnifiedInbox.tsx(161,45): error TS2554: Expected 3 arguments, but got 1.
components/UnifiedInbox.tsx(162,47): error TS2554: Expected 3 arguments, but got 1.
components/UnifiedInbox.tsx(188,36): error TS2554: Expected 3 arguments, but got 1.
components/UnifiedInbox.tsx(189,42): error TS2554: Expected 3 arguments, but got 1.
components/UnifiedInbox.tsx(199,63): error TS2554: Expected 3 arguments, but got 1.
